// Jest Snapshot v1, https://goo.gl/fbAQLP

exports[`renders the DayHeader correctly 1`] = `
.c0 {
  display: -webkit-box;
  display: -webkit-flex;
  display: -ms-flexbox;
  display: flex;
  -webkit-flex-direction: column;
  -ms-flex-direction: column;
  flex-direction: column;
  -webkit-box-pack: center;
  -webkit-justify-content: center;
  -ms-flex-pack: center;
  justify-content: center;
  -webkit-align-items: center;
  -webkit-box-align: center;
  -ms-flex-align: center;
  align-items: center;
  padding: 1rem;
}

.c1 {
  font-size: 1.3rem;
  font-weight: bold;
}

.c2 {
  color: grey;
}

<td
  className="c0"
>
  <em
    className="c1"
  >
    We
  </em>
  <small
    className="c2"
  >
    6th
  </small>
</td>
`;
