// Jest Snapshot v1, https://goo.gl/fbAQLP

exports[`renders the TodoInput correctly 1`] = `
.c0 {
  padding: 0.5rem 0 0.5rem 0.3rem;
}

<input
  className="c0"
  onKeyDown={[Function]}
  placeholder="Add Todo"
  type="text"
/>
`;
