// Jest Snapshot v1, https://goo.gl/fbAQLP

exports[`gets the current week of the day 1`] = `
Array [
  "2019-01-31",
  "2019-02-01",
  "2019-02-02",
  "2019-02-03",
  "2019-02-04",
  "2019-02-05",
  "2019-02-06",
]
`;

exports[`gets the current week of the day 2`] = `
Array [
  2019-01-31T05:00:00.000Z,
  2019-02-01T05:00:00.000Z,
  2019-02-02T05:00:00.000Z,
  2019-02-03T05:00:00.000Z,
  2019-02-04T05:00:00.000Z,
  2019-02-05T05:00:00.000Z,
  2019-02-06T05:00:00.000Z,
]
`;
